[0:0:0:0]    cd/dvd  NECVMWar VMware IDE CDR00 1.00  /dev/sr0 
[0:0:1:0]    disk    ATA      VMware Virtual I 0000  /dev/sda 
[2:0:0:0]    disk    VMware   Virtual disk     1.0   /dev/sdb