/*!40019 SET @@session.max_insert_delayed_threads=0*/;
/*!50003 SET @OLD_COMPLETION_TYPE=@@COMPLETION_TYPE,COMPLETION_TYPE=0*/;
DELIMITER /*!*/;
# at 4
#120918 11:24:51 server id 1  end_log_pos 107 	Start: binlog v 4, server v 5.5.25a-27.1-log created 120918 11:24:51 at startup
# Warning: this binlog is either in use or was not closed properly.
ROLLBACK/*!*/;
BINLOG '
Q5JYUA8BAAAAZwAAAGsAAAABAAQANS41LjI1YS0yNy4xLWxvZwAAAAAAAAAAAAAAAAAAAAAAAAAA
AAAAAAAAAAAAAAAAAABDklhQEzgNAAgAEgAEBAQEEgAAVAAEGggAAAAICAgCAA==
'/*!*/;
DELIMITER ;
# End of log file
ROLLBACK /* added by mysqlbinlog */;
/*!50003 SET COMPLETION_TYPE=@OLD_COMPLETION_TYPE*/;
